TSLAUSDT  bitget   bars= 1200 fund= 100
TSLAUSDT  binance  bars= 1032 fund= 700
TSLAUSDT  bybit    bars= 2000 fund=   0
AAPLUSDT  bitget   bars= 1200 fund= 100
AAPLUSDT  binance  bars= 1032 fund= 521
AAPLUSDT  bybit    bars= 2000 fund=   0
NVDAUSDT  bitget   bars= 1200 fund= 100
NVDAUSDT  binance  bars= 1032 fund= 535
NVDAUSDT  bybit    bars= 2000 fund=   0
MSFTUSDT  bitget   bars= 1200 fund= 100
MSFTUSDT  binance  bars= 1032 fund= 479
MSFTUSDT  bybit    bars= 2000 fund=   0
GOOGLUSDT bitget   bars= 1200 fund= 100
GOOGLUSDT binance  bars= 1032 fund= 535
GOOGLUSDT bybit    bars= 2000 fund=   0
AMZNUSDT  bitget   bars= 1200 fund= 100
AMZNUSDT  binance  bars= 1032 fund= 661
AMZNUSDT  bybit    bars= 2000 fund=   0
METAUSDT  bitget   bars= 1200 fund= 100
METAUSDT  binance  bars= 1032 fund= 530
METAUSDT  bybit    bars= 2000 fund=   0
SPYUSDT   bitget   bars= 1200 fund= 100
SPYUSDT   binance  bars= 1032 fund= 503
SPYUSDT   bybit    bars= 2000 fund=   0
QQQUSDT   bitget   bars= 1200 fund= 100
QQQUSDT   binance  bars= 1032 fund= 503
QQQUSDT   bybit    bars= 2000 fund=   0
COINUSDT  bitget   bars= 1200 fund= 100
COINUSDT  binance  bars= 1032 fund= 661
COINUSDT  bybit    bars= 2000 fund=   0
MSTRUSDT  bitget   bars= 1200 fund= 100
MSTRUSDT  binance  bars= 1032 fund= 661
MSTRUSDT  bybit    bars= 2000 fund=   0
HOODUSDT  bitget   bars= 1200 fund= 100
HOODUSDT  binance  bars= 1032 fund= 674
HOODUSDT  bybit    bars= 2000 fund=   0
CRCLUSDT  bitget   bars= 1200 fund= 100
CRCLUSDT  binance  bars= 1032 fund= 661
CRCLUSDT  bybit    bars= 2000 fund=   0
saved D:\wk-probes\venue_index.json 1.6 MB
